00:00 +0: loading C:/Users/Admin/Pictures/tieng/test/features/retro_camera/domain/usecases/capture_photo_usecase_test.dart
00:00 +0 -1: loading C:/Users/Admin/Pictures/tieng/test/features/retro_camera/domain/usecases/capture_photo_usecase_test.dart [E]
  Failed to load "C:/Users/Admin/Pictures/tieng/test/features/retro_camera/domain/usecases/capture_photo_usecase_test.dart":
  Compilation failed for testPath=C:/Users/Admin/Pictures/tieng/test/features/retro_camera/domain/usecases/capture_photo_usecase_test.dart: lib/features/retro_camera/domain/repositories/retro_camera_repository.dart:15:27: Error: Duplicated parameter name 'selectedPreset'.
      required FilterPreset selectedPreset,
                            ^^^^^^^^^^^^^^
  lib/features/retro_camera/domain/repositories/retro_camera_repository.dart:14:27: Context: Other parameter named 'selectedPreset'.
      required FilterPreset selectedPreset,
                            ^^^^^^^^^^^^^^
  test/features/retro_camera/domain/usecases/capture_photo_usecase_test.mocks.dart:74:32: Error: Duplicated parameter name 'selectedPreset'.
      required _i6.FilterPreset? selectedPreset,
                                 ^^^^^^^^^^^^^^
  test/features/retro_camera/domain/usecases/capture_photo_usecase_test.mocks.dart:73:32: Context: Other parameter named 'selectedPreset'.
      required _i6.FilterPreset? selectedPreset,
                                 ^^^^^^^^^^^^^^
  test/features/retro_camera/domain/usecases/capture_photo_usecase_test.dart:36:37: Error: Required named parameter 'rawImagePath' must be provided.
    const tParams = CapturePhotoParams(
                                      ^
  lib/features/retro_camera/domain/usecases/capture_photo_usecase.dart:37:9: Context: Found this candidate, but the arguments don't match.
    const CapturePhotoParams({
          ^^^^^^^^^^^^^^^^^^
  test/features/retro_camera/domain/usecases/capture_photo_usecase_test.dart:79:39: Error: Required named parameter 'rawImagePath' must be provided.
      const params1 = CapturePhotoParams(
                                        ^
  lib/features/retro_camera/domain/usecases/capture_photo_usecase.dart:37:9: Context: Found this candidate, but the arguments don't match.
    const CapturePhotoParams({
          ^^^^^^^^^^^^^^^^^^
  test/features/retro_camera/domain/usecases/capture_photo_usecase_test.dart:83:39: Error: Required named parameter 'rawImagePath' must be provided.
      const params2 = CapturePhotoParams(
                                        ^
  lib/features/retro_camera/domain/usecases/capture_photo_usecase.dart:37:9: Context: Found this candidate, but the arguments don't match.
    const CapturePhotoParams({
          ^^^^^^^^^^^^^^^^^^
  test/features/retro_camera/domain/usecases/capture_photo_usecase_test.dart:44:37: Error: Required named parameter 'borderType' must be provided.
      when(mockRepository.capturePhoto(
                                      ^
  test/features/retro_camera/domain/usecases/capture_photo_usecase_test.dart:55:39: Error: Required named parameter 'borderType' must be provided.
      verify(mockRepository.capturePhoto(
                                        ^
  test/features/retro_camera/domain/usecases/capture_photo_usecase_test.dart:65:37: Error: Required named parameter 'borderType' must be provided.
      when(mockRepository.capturePhoto(
                                      ^
  .
00:00 +0 -1: Some tests failed.

Failing tests:
  C:/Users/Admin/Pictures/tieng/test/features/retro_camera/domain/usecases/capture_photo_usecase_test.dart: loading C:/Users/Admin/Pictures/tieng/test/features/retro_camera/domain/usecases/capture_photo_usecase_test.dart
